[clf2018.org/coomeet/index.html]
[backblue.gif]
[fade.gif]
[index.html]
[clf2018.org/coomeet/img/logo.jpg]
[clf2018.org/coomeet/src/standard.css]
[clf2018.org/coomeet/src/bootstrap.superhero.css]
[clf2018.org/coomeet/src/jquery.min.js]
[clf2018.org/coomeet/src/css.css]
[clf2018.org/coomeet/img/acc-type.png]
[clf2018.org/coomeet/img/mirror1.png]
[clf2018.org/coomeet/img/mirror2.png]
[clf2018.org/coomeet/src/standard.js]
[clf2018.org/coomeet/index.html]
[clf2018.org/coomeet/src/bootstrap.min.js]
[clf2018.org/coomeet/src/bg.jpg]
[clf2018.org/coomeet/src/standard.css]
[clf2018.org/coomeet/fonts/glyphicons-halflings-regular.eot]
[clf2018.org/coomeet/fonts/glyphicons-halflings-regular-.html]
[clf2018.org/coomeet/fonts/glyphicons-halflings-regular.woff]
[clf2018.org/coomeet/fonts/glyphicons-halflings-regular.ttf]
[clf2018.org/coomeet/fonts/glyphicons-halflings-regular.html]
[clf2018.org/coomeet/src/bootstrap.superhero.css]
[clf2018.org/coomeet/src/img/arrow.html]
[clf2018.org/coomeet/src/sprite.html]
[clf2018.org/coomeet/src/css.css]
[clf2018.org/coomeet/fonts/glyphicons-halflings-regular-.html]
[clf2018.org/coomeet/fonts/glyphicons-halflings-regular.html]
[clf2018.org/coomeet/src/img/arrow.html]
[clf2018.org/coomeet/src/sprite.html]
